$ pnpm build
exit=0
durationMs=5128

▲ Next.js 16.4.0 (Turbopack)
- Environments: .env.local
✓ Running next.config.ts took 25ms

  Creating an optimized production build ...
✓ Compiled successfully in 600ms
  Running TypeScript ...
  Finished TypeScript in 1746ms ...
  Collecting page data using 5 workers ...
  Generating static pages using 5 workers (0/4) ...
  Generating static pages using 5 workers (1/4) 
  Generating static pages using 5 workers (2/4) 
  Generating static pages using 5 workers (3/4) 
✓ Generating static pages using 5 workers (4/4) in 422ms
  Finalizing page optimization ...

Route (app)
┌ ○ /
├ ○ /_not-found
└ ƒ /api/health


○  (Static)   prerendered as static content
ƒ  (Dynamic)  server-rendered on demand

$ next build
